// Vitest Snapshot v1, https://vitest.dev/guide/snapshot.html

exports[`AboutView > El HTML del componente se mantiene durante las pruebas 1`] = `"<h1>About View</h1>"`;
